HEAD is now at 6ed84c2 chore: add release gate demo policy
Removing __pycache__/
Removing slugify/__pycache__/
Using CPython 3.12.3 interpreter at: C:\Program Files\Python\Python39\python.exe
Creating virtual environment with seed packages at: workbench\task-venv
 + pip==26.2.1
Activate with: workbench\task-venv\Scripts\activate
........................................................................ [ 87%]
..........                                                               [100%]
82 passed in 0.18s
reset: release-gate-demo-base
M .release-gate.yaml
 M README.md
 M setup.py
 M slugify/slugify.py
 M tox.ini
control ready: needs-human
VERDICT: NEEDS_HUMAN
RESULT: C:\projects\blindspot-remediation\release-gate\demo\python-slugify\workbench\evidence\verify-needs-human-1c23605b\result.json
run: verify-needs-human-1c23605b
base commit: 6ed84c287736ce2a256b5c9798e4bcc2df628d3c
candidate tree: a5261a1545ede98141ed3116b8fdf64e77868eb6
patch sha256: 0b5f81d7a5a90dda3e6f5c797b4a0ca8202166984e3143ed95118c6e8d707b57
config sha256: 853db4b43f2001c4ed3251b6ac96478b09eb82f2d75bc7c5a22f639041c9f6c1
verdict: NEEDS_HUMAN
reason codes: PATH_OUTSIDE_ALLOWED, PATH_REVIEW_REQUIRED, POLICY_FILE_CHANGED
changed paths: .release-gate.yaml, README.md, setup.py, slugify/slugify.py, tox.ini
outside allowed: .release-gate.yaml
review required: .release-gate.yaml
check tests-and-coverage: SKIPPED (POLICY_FILE_CHANGED)
check task-consistency: SKIPPED (POLICY_FILE_CHANGED)
check types: SKIPPED (POLICY_FILE_CHANGED)
manifest: C:\projects\blindspot-remediation\release-gate\demo\python-slugify\workbench\evidence\verify-needs-human-1c23605b\manifest.json
Using CPython 3.12.3 interpreter at: C:\Program Files\Python\Python39\python.exe
Creating virtual environment with seed packages at: workbench\oracle-venv
 + pip==26.2.1
Activate with: workbench\oracle-venv\Scripts\activate
................                                                         [100%]
16 passed in 2.63s
truth: correct
classification: escalated
HEAD is now at 6ed84c2 chore: add release gate demo policy
Removing __pycache__/
Removing slugify/__pycache__/
Using CPython 3.12.3 interpreter at: C:\Program Files\Python\Python39\python.exe
Creating virtual environment with seed packages at: workbench\task-venv
 + pip==26.2.1
Activate with: workbench\task-venv\Scripts\activate
........................................................................ [ 87%]
..........                                                               [100%]
82 passed in 0.13s
reset: release-gate-demo-base
verify: PASS, FAIL, and NEEDS_HUMAN controls matched expectations